// Vitest Snapshot v1, https://vitest.dev/guide/snapshot.html

exports[`Accounts > snapshot 1`] = `
<div>
  <div
    class="flex items-center flex-col sm:w-fit w-full mt-4 group group-[data-show=true] bg-white bg-opacity-30 rounded-lg h-fit p-4"
    data-show="false"
    data-testid="accounts"
  >
    <span
      class="text-2xl cursor-pointer w-fit"
    >
      Accounts
    </span>
    <div
      class="flex flex-col w-full group-data-[show=false]:hidden"
    >
      <div
        class="flex w-full mt-4 gap-x-4 justify-between"
      >
        <span>
          Username: 
          test
        </span>
        <a
          href="/account/login"
        >
          View Account
        </a>
      </div>
    </div>
  </div>
</div>
`;
