// Vitest Snapshot v1, https://vitest.dev/guide/snapshot.html

exports[`TransferSameAcc > snapshot 1`] = `
<div>
  <div
    data-testid="transfer-same-acc"
  >
    <div>
      <label
        for="same"
      >
        From:  
      </label>
      <select
        class="text-black pl-2 outline-none rounded-md w-full"
        data-testid="from-select"
        id="same"
        name="same"
      >
        <option
          value="checking"
        >
          Checking
        </option>
        <option
          value="savings"
        >
          Savings
        </option>
      </select>
    </div>
    <label
      for="same"
    >
      Into:  
    </label>
    <select
      class="text-black pl-2 outline-none rounded-md w-full"
      disabled=""
      id="same"
      name="same"
    >
      <option
        value="checking"
      >
        Checking
      </option>
      <option
        value="savings"
      >
        Savings
      </option>
    </select>
    <div>
      <label
        for="currency-same"
      >
        Amount:  
      </label>
      <div
        class="relative w-full"
      >
        <span
          class="absolute text-black left-px"
        >
          $ 
        </span>
        <input
          autocomplete="off"
          class="text-black pl-4 text-black pl-2 appearance-none outline-none rounded-md w-full"
          data-testid="currency-input"
          id="currency-same"
          name="currency-same"
          required=""
          type="text"
          value=""
        />
      </div>
    </div>
    <button
      class="bg-blue-500 text-white px-4 py-2 rounded-md mt-4 w-full"
    >
      Transfer
    </button>
  </div>
</div>
`;
